<?xml version="1.0" encoding="UTF-8" ?>
<testsuites name="vitest tests" tests="11" failures="0" errors="0" time="0.7176742">
    <testsuite name="tests/_sanity.test.ts" timestamp="2026-09-21T11:30:22.228Z" hostname="Kawshalya-PC" tests="11" failures="0" errors="0" skipped="0" time="0.7176742">
        <testcase classname="tests/_sanity.test.ts" name="Environment Sanity Tests &gt; Node.js is version 18.19 or newer (20 or 22 recommended)" time="0.0008359">
        </testcase>
        <testcase classname="tests/_sanity.test.ts" name="Environment Sanity Tests &gt; Dependencies are installed (run `npm install` if this fails)" time="0.3798471">
        </testcase>
        <testcase classname="tests/_sanity.test.ts" name="Environment Sanity Tests &gt; .env file exists with PORT and JWT_PRIVATE_KEY" time="0.0008396">
        </testcase>
        <testcase classname="tests/_sanity.test.ts" name="Environment Sanity Tests &gt; The server module loads and a test session can be created" time="0.0000892">
        </testcase>
        <testcase classname="tests/_sanity.test.ts" name="Environment Sanity Tests &gt; Database connection works" time="0.0004408">
        </testcase>
        <testcase classname="tests/_sanity.test.ts" name="Environment Sanity Tests &gt; Migrations apply and every required table exists" time="0.0006701">
        </testcase>
        <testcase classname="tests/_sanity.test.ts" name="Environment Sanity Tests &gt; The local database file exists (run `npm run migrate` if this fails)" time="0.0003283">
            <system-out>


======= IMPORTANT NOTICE =======
`npm start` uses the local SQLite file main.sqlite3.
This test FAILS if you have not run:
  npm run migrate
  npm run seed
================================



            </system-out>
        </testcase>
        <testcase classname="tests/_sanity.test.ts" name="Environment Sanity Tests &gt; The asset registry endpoint responds with the supported assets" time="0.2614369">
        </testcase>
        <testcase classname="tests/_sanity.test.ts" name="Environment Sanity Tests &gt; Routes exist: unknown paths are 404, real ones are not" time="0.0128366">
        </testcase>
        <testcase classname="tests/_sanity.test.ts" name="Environment Sanity Tests &gt; The property-testing library works" time="0.002389">
        </testcase>
        <testcase classname="tests/_sanity.test.ts" name="Environment Sanity Tests &gt; The protected test helpers are in place" time="0.0006435">
        </testcase>
    </testsuite>
</testsuites>
